// Vitest Snapshot v1, https://vitest.dev/guide/snapshot.html

exports[`buildCopyForLlm > すべてのセクションを含む snapshot 1`] = `
"以下の問題と、自分の回答・採点結果を共有します。理解を深めるために詳しく解説してください。

# 分野
http / rest

# 問題
HTTP PUT と PATCH の違いは?

# 期待される回答
PUT は冪等、PATCH は部分更新。

# 自分の回答
PUT は全置換、PATCH は差分

# 採点
- 判定: ○ 正解
- スコア: 0.85
- フィードバック: 主旨は合っています

# お願い
1. 期待回答と自分の回答の差分がどこにあるか指摘してください。
2. この概念で混同しがちなポイントや関連概念を教えてください。
3. 次に押さえるべき学習項目を 1-2 個挙げてください。"
`;
