// Vitest Snapshot v1, https://vitest.dev/guide/snapshot.html

exports[`buildCopyForLlm > docs §7.13.4 準拠 テンプレ snapshot 1`] = `
"私はエンジニア学習アプリで以下の問題に答えました。
詳しく解説してほしいです。特に以下をお願いします。

1. 私の回答のどの部分が合っていて、どの部分が不足/誤解しているか
2. この概念の背景 (なぜこういう仕組みになっているか)
3. 関連する概念や、実務でのハマりどころ
4. 理解が深まる具体例を 1-2 個

---

## 問題
- ドメイン: backend > http
- 概念: PUT / PATCH (backend.http.put_patch)
- 思考スタイル: concept
- 難易度: junior
- タグ: http / rest

HTTP PUT と PATCH の違いは?

## 模範解答
PUT は冪等、PATCH は部分更新。

## 私の回答
PUT は全置換、PATCH は差分

## Tanren の採点
- スコア: 0.85 / 1.0
- 判定: ○ 正解
- ルーブリック:
  - id=r1: ✓ 冪等性に言及
- フィードバック: 主旨は合っています

---

上記を踏まえて、初学者にも分かるように丁寧に解説してください。"
`;
